// Jest Snapshot v1, https://goo.gl/fbAQLP

exports[`TheDataTable should display parent table 1`] = `
"<v-container-stub tag=\\"div\\">
  <v-data-table-stub mobilebreakpoint=\\"600\\" items=\\"[object Object],[object Object],[object Object],[object Object],[object Object],[object Object],[object Object],[object Object],[object Object],[object Object],[object Object]\\" options=\\"[object Object]\\" sortby=\\"\\" sortdesc=\\"\\" customsort=\\"[Function]\\" page=\\"1\\" itemsperpage=\\"10\\" groupby=\\"\\" groupdesc=\\"\\" customgroup=\\"[Function]\\" locale=\\"en-US\\" customfilter=\\"[Function]\\" serveritemslength=\\"-1\\" itemkey=\\"Identification number\\" value=\\"\\" expanded=\\"\\" noresultstext=\\"$vuetify.dataIterator.noResultsText\\" nodatatext=\\"$vuetify.noDataText\\" loadingtext=\\"$vuetify.dataIterator.loadingText\\" selectablekey=\\"isSelectable\\" loaderheight=\\"4\\" headers=\\"[object Object],[object Object],[object Object],[object Object],[object Object],[object Object],[object Object],[object Object],[object Object],[object Object],[object Object]\\" showexpand=\\"true\\" dense=\\"true\\" calculatewidths=\\"true\\" expandicon=\\"$expand\\" itemclass=\\"\\" data-test=\\"parent\\" class=\\"elevation-1\\"></v-data-table-stub>
</v-container-stub>"
`;
